// Jest Snapshot v1, https://goo.gl/fbAQLP

exports[`Loader Component should render loader when visible is false 1`] = `
<Modal
  animationType="fade"
  hardwareAccelerated={false}
  onRequestClose={[MockFunction]}
  transparent={true}
  visible={false}
/>
`;

exports[`Loader Component should render loader when visible is true 1`] = `
<Modal
  animationType="fade"
  hardwareAccelerated={false}
  onRequestClose={[MockFunction]}
  transparent={true}
  visible={true}
>
  <View
    style={
      {
        "alignItems": "center",
        "backgroundColor": "rgba(0, 0, 0, 0.7)",
        "flex": 1,
        "justifyContent": "center",
      }
    }
  >
    <ActivityIndicator
      color="#FF6049"
      size="large"
    />
  </View>
</Modal>
`;
